[p.w3layouts.com/demos/aditii/web/index.html]
[backblue.gif]
[fade.gif]
[index.html]
[p.w3layouts.com/demos/aditii/web/css/style.css]
[p.w3layouts.com/demos/aditii/web/js/jquery.min.js]
[p.w3layouts.com/demos/aditii/web/css/owl.carousel.css]
[p.w3layouts.com/demos/aditii/web/js/owl.carousel.js]
[p.w3layouts.com/demos/aditii/web/js/move-top.js]
[ajax.googleapis.com/ajax/libs/jquery/1.10.2/jquery.min.js]
[p.w3layouts.com/demos/aditii/web/js/easing.js]
[vdo.ai/core/w3layouts/vdo.ai.js]
[www.google-analytics.com/analytics.js]
[m.servedby-buysellads.com/monetization.js]
[p.w3layouts.com/demos/aditii/web/index-2.html]
[p.w3layouts.com/demos/aditii/web/images/logo.png]
[p.w3layouts.com/demos/aditii/web/contact.html]
[p.w3layouts.com/demos/aditii/web/sale.html]
[p.w3layouts.com/demos/aditii/web/handbags.html]
[p.w3layouts.com/demos/aditii/web/accessories.html]
[p.w3layouts.com/demos/aditii/web/wallets.html]
[p.w3layouts.com/demos/aditii/web/shoes.html]
[p.w3layouts.com/demos/aditii/web/service.html]
[p.w3layouts.com/demos/aditii/web/js/responsive.menu.js]
[p.w3layouts.com/demos/aditii/web/js/responsiveslides.min.js]
[p.w3layouts.com/demos/aditii/web/details.html]
[p.w3layouts.com/demos/aditii/web/images/slider1.png]
[p.w3layouts.com/demos/aditii/web/images/slider2.png]
[p.w3layouts.com/demos/aditii/web/images/slider3.png]
[p.w3layouts.com/demos/aditii/web/images/slider4.png]
[p.w3layouts.com/demos/aditii/web/images/pic1.jpg]
[p.w3layouts.com/demos/aditii/web/images/pic2.jpg]
[p.w3layouts.com/demos/aditii/web/images/pic3.jpg]
[p.w3layouts.com/demos/aditii/web/images/pic4.jpg]
[p.w3layouts.com/demos/aditii/web/images/pic5.jpg]
[p.w3layouts.com/demos/aditii/web/images/pic6.jpg]
[p.w3layouts.com/demos/aditii/web/index.html]
[p.w3layouts.com/demos/aditii/web/fonts/BebasNeue-webfont.ttf]
[p.w3layouts.com/demos/aditii/web/images/search.png]
[p.w3layouts.com/demos/aditii/web/images/search_h.png]
[p.w3layouts.com/demos/aditii/web/images/nav_icon.png]
[p.w3layouts.com/demos/aditii/web/images/search-icon.png]
[p.w3layouts.com/demos/aditii/web/images/cart.png]
[p.w3layouts.com/demos/aditii/web/images/top_move.png]
[p.w3layouts.com/demos/aditii/web/images/marker1.gif]
[p.w3layouts.com/demos/aditii/web/images/arrow.png]
[p.w3layouts.com/demos/aditii/web/images/slider_bg.jpg]
[p.w3layouts.com/demos/aditii/web/images/arrows.png]
[p.w3layouts.com/demos/aditii/web/css/style.css]
[p.w3layouts.com/demos/aditii/web/images/c-arrows.png]
[p.w3layouts.com/demos/aditii/web/css/AjaxLoader.gif]
[p.w3layouts.com/demos/aditii/web/css/grabbing.png]
[p.w3layouts.com/demos/aditii/web/css/owl.carousel.css]
[p.w3layouts.com/demos/aditii/web/index-2.html]
[p.w3layouts.com/demos/aditii/web/contact.html]
[p.w3layouts.com/demos/aditii/web/images/sale_pic1.jpg]
[p.w3layouts.com/demos/aditii/web/images/sale_pic2.jpg]
[p.w3layouts.com/demos/aditii/web/images/sale_pic3.jpg]
[p.w3layouts.com/demos/aditii/web/images/sale_pic4.jpg]
[p.w3layouts.com/demos/aditii/web/images/sale_pic5.jpg]
[p.w3layouts.com/demos/aditii/web/images/sale_pic6.jpg]
[p.w3layouts.com/demos/aditii/web/images/sale_pic7.jpg]
[p.w3layouts.com/demos/aditii/web/images/sale_pic8.jpg]
[p.w3layouts.com/demos/aditii/web/images/sale_pic9.jpg]
[p.w3layouts.com/demos/aditii/web/images/sale_pic10.jpg]
[p.w3layouts.com/demos/aditii/web/images/sale_pic11.jpg]
[p.w3layouts.com/demos/aditii/web/images/sale_pic12.jpg]
[p.w3layouts.com/demos/aditii/web/sale.html]
[p.w3layouts.com/demos/aditii/web/js/easyResponsiveTabs.js]
[p.w3layouts.com/demos/aditii/web/images/w_pic1.jpg]
[p.w3layouts.com/demos/aditii/web/images/w_pic2.jpg]
[p.w3layouts.com/demos/aditii/web/images/w_pic3.jpg]
[p.w3layouts.com/demos/aditii/web/images/w_pic4.jpg]
[p.w3layouts.com/demos/aditii/web/images/w_pic5.jpg]
[p.w3layouts.com/demos/aditii/web/images/w_pic6.jpg]
[p.w3layouts.com/demos/aditii/web/handbags.html]
[p.w3layouts.com/demos/aditii/web/accessories.html]
[p.w3layouts.com/demos/aditii/web/wallets.html]
[p.w3layouts.com/demos/aditii/web/images/shoe_pic1.jpg]
[p.w3layouts.com/demos/aditii/web/images/shoe_pic2.jpg]
[p.w3layouts.com/demos/aditii/web/images/shoe_pic3.jpg]
[p.w3layouts.com/demos/aditii/web/images/shoe_pic4.jpg]
[p.w3layouts.com/demos/aditii/web/images/shoe_pic5.jpg]
[p.w3layouts.com/demos/aditii/web/images/shoe_pic6.jpg]
[p.w3layouts.com/demos/aditii/web/shoes.html]
[p.w3layouts.com/demos/aditii/web/images/icon1.png]
[p.w3layouts.com/demos/aditii/web/images/icon2.png]
[p.w3layouts.com/demos/aditii/web/images/icon3.png]
[p.w3layouts.com/demos/aditii/web/images/icon4.png]
[p.w3layouts.com/demos/aditii/web/images/icon5.png]
[p.w3layouts.com/demos/aditii/web/images/icon6.png]
[p.w3layouts.com/demos/aditii/web/service.html]
[p.w3layouts.com/demos/aditii/web/js/imagezoom.js]
[p.w3layouts.com/demos/aditii/web/js/jquery.flexslider.js]
[p.w3layouts.com/demos/aditii/web/css/flexslider.css]
[p.w3layouts.com/demos/aditii/web/images/0001-1.jpg]
[p.w3layouts.com/demos/aditii/web/images/0001-2.jpg]
[p.w3layouts.com/demos/aditii/web/images/0001-3.jpg]
[p.w3layouts.com/demos/aditii/web/images/0001-4.jpg]
[p.w3layouts.com/demos/aditii/web/images/facebook.png]
[p.w3layouts.com/demos/aditii/web/images/twitter.png]
[p.w3layouts.com/demos/aditii/web/images/rss.png]
[p.w3layouts.com/demos/aditii/web/images/gpluse.png]
[p.w3layouts.com/demos/aditii/web/images/delivery.png]
[p.w3layouts.com/demos/aditii/web/details.html]
[p.w3layouts.com/demos/aditii/web/images/search-icon.html]
[p.w3layouts.com/demos/aditii/web/images/marker1.html]
[p.w3layouts.com/demos/aditii/web/css/AjaxLoader.html]
[p.w3layouts.com/demos/aditii/web/css/grabbing.html]
[p.w3layouts.com/demos/aditii/web/fonts/webfont/flexslider-icon.eot]
[p.w3layouts.com/demos/aditii/web/fonts/webfonts/flexslider-icond41d.eot]
[p.w3layouts.com/demos/aditii/web/fonts/webfonts/flexslider-icon.woff]
[p.w3layouts.com/demos/aditii/web/fonts/webfonts/flexslider-icon.ttf]
[p.w3layouts.com/demos/aditii/web/fonts/webfonts/flexslider-icon.svg]
[p.w3layouts.com/demos/aditii/web/images/left.png]
[p.w3layouts.com/demos/aditii/web/images/right.png]
[p.w3layouts.com/demos/aditii/web/css/flexslider.css]
[p.w3layouts.com/demos/aditii/web/fonts/webfont/flexslider-icon.html]
[p.w3layouts.com/demos/aditii/web/fonts/webfonts/flexslider-icond41d.html]
[p.w3layouts.com/demos/aditii/web/fonts/webfonts/flexslider-icon.html]
[p.w3layouts.com/demos/aditii/web/fonts/webfonts/flexslider-icon-2.html]
[p.w3layouts.com/demos/aditii/web/fonts/webfonts/flexslider-icon-3.html]
[p.w3layouts.com/demos/aditii/web/images/left.html]
[p.w3layouts.com/demos/aditii/web/images/right.html]
